
"./ncce/ARR_NCCE.c", line 183: warning: 
          subscript out of range
  	for (ip = &ar[0]; ip < &ar[21]; ip++) {
  	                          ^

ARR_NCCE.c:50: warning: ARR01-A: Do not apply the sizeof operator to a pointer when taking the size of an array
"./ncce/DCL_NCCE.c", line 81: warning: 
          subscript out of range
      error_msg[sizeof(DCL01_msg) - 1] = '\0';
               ^

DCL_NCCE.c:68: warning: DCL01-A: Do not reuse variable names in subscopes
ENV_NCCE.c:69: error: STR31-C: String copy destination must contain sufficient storage
ENV_NCCE.c:97: warning: ENV04-A: Do not use system() or popen() unless you need a command interpreter
ENV_NCCE.c:121: warning: ENV04-A: Do not use system() or popen() unless you need a command interpreter
ENV_NCCE.c:155: error: ENV32-C: No atexit handler should terminate in any way other than by returning
ENV_NCCE.c:180: error: ENV32-C: No atexit handler should terminate in any way other than by returning
ERR_NCCE.c:116: error: SIG30-C: Call only asynchronous-safe functions within signal handlers
"./ncce/EXP_NCCE.c", line 279: warning: 
          a value of type "int **" cannot be assigned to an entity of type
          "volatile int **"
    ipp = &ip; /* produces warnings in modern compilers */
        ^

"./ncce/EXP_NCCE.c", line 281: warning: 
          a value of type "int **" cannot be assigned to an entity of type
          "volatile int **"
    ipp = (int**) &ip; /* constraint violation */
        ^

EXP_NCCE.c:77: warning: EXP01-A: Do not take the sizeof a pointer to determine the sizeof a type
EXP_NCCE.c:117: warning: EXP09-A: malloc called using something other than sizeof()
EXP_NCCE.c:166: warning: EXP05-A: Do not cast away a const qualification
EXP_NCCE.c:201: warning: EXP09-A: malloc called using something other than sizeof()
EXP_NCCE.c:207: warning: EXP09-A: malloc called using something other than sizeof()
EXP_NCCE.c:238: warning: EXP11-A: Do not apply operators expecting one type to data of an incompatible type
EXP_NCCE.c:239: warning: EXP11-A: Do not apply operators expecting one type to data of an incompatible type
EXP_NCCE.c:316: error: EXP34-C: Ensure pointer is valid before dereferencing it
EXP_NCCE.c:318: error: EXP34-C: Ensure pointer is valid before dereferencing it
EXP_NCCE.c:346: warning: EXP11-A: Do not apply operators expecting one type to data of an incompatible type
FIO_NCCE.c:270: warning: FIO07-A: Prefer fseek() to rewind()
FIO_NCCE.c:330: warning: FIO12-A: Prefer setvbuf() to setbuf()
FIO_NCCE.c:421: error: FIO30-C: Exclude user input from format strings
FIO_NCCE.c:493: warning: INT07-A: Use only explicitly signed or unsigned char type for numeric values
FIO_NCCE.c:493: error: FIO34-C: Use int to capture the return value of character I/O functions
FIO_NCCE.c:620: warning: ENV04-A: Do not use system() or popen() unless you need a command interpreter
FIO_NCCE.c:638: error: FIO43-C: Do not use fopen() on the results of tmpnam()
FIO_NCCE.c:664: error: FIO43-C: Do not use open() on the results of mktemp()
FIO_NCCE.c:676: error: FIO43-C: Do not use tmpfile()
FLP_NCCE.c:124: error: FLP33-C: Convert integers to floating point for floating point operations
FLP_NCCE.c:125: error: FLP33-C: Convert integers to floating point for floating point operations
FLP_NCCE.c:126: error: FLP33-C: Convert integers to floating point for floating point operations
"./ncce/INT_NCCE.c", line 133: warning: 
          integer conversion resulted in a change of sign
    char c = 200;
             ^

INT_NCCE.c:91: error: INT33-C: Ensure that division and modulo operations do not result in divide-by-zero errors
INT_NCCE.c:124: warning: INT01-A: Use strtol() or a related function to convert a string token to an integer
INT_NCCE.c:133: warning: INT07-A: Use only explicitly signed or unsigned char type for numeric values
INT_NCCE.c:135: error: INT33-C: Ensure that division and modulo operations do not result in divide-by-zero errors
INT_NCCE.c:182: warning: EXP11-A: Do not apply operators expecting one type to data of an incompatible type
INT_NCCE.c:250: error: INT33-C: Ensure that division and modulo operations do not result in divide-by-zero errors
INT_NCCE.c:260: warning: INT13-A: Use bitwise operators only on unsigned operands
MEM_NCCE.c:95: warning: MEM01-A: Store a new value in pointers immediately after free()
MEM_NCCE.c:95: error: MEM30-C: Do not access freed memory
MEM_NCCE.c:95: error: MEM31-C: Free dynamically allocated memory exactly once.
MEM_NCCE.c:148: warning: MEM04-A: Do not perform zero length allocations
MEM_NCCE.c:166: warning: MEM04-A: Do not perform zero length allocations
MEM_NCCE.c:251: warning: MEM08-A: Use realloc() only to resize dynamically allocated arrays
MEM_NCCE.c:294: warning: MEM01-A: Store a new value in pointers immediately after free()
MEM_NCCE.c:294: error: MEM30-C: Do not access freed memory
MEM_NCCE.c:314: warning: MEM01-A: Store a new value in pointers immediately after free()
MEM_NCCE.c:314: error: MEM30-C: Do not access freed memory
MEM_NCCE.c:314: error: MEM31-C: Free dynamically allocated memory exactly once.
MEM_NCCE.c:329: error: EXP34-C: Ensure pointer is valid before dereferencing it
"./ncce/MSC_NCCE.c", line 87: warning: 
          expression has no effect
    a == b;
    ^

"./ncce/MSC_NCCE.c", line 102: warning: 
          nested comment is not allowed
       /* some other comment */
       ^

"./ncce/MSC_NCCE.c", line 151: warning: 
          statement is unreachable
      if (s) {
      ^

"./ncce/MSC_NCCE.c", line 179: warning: 
          expression has no effect
    a == b;
    ^

MSC_NCCE.c:223: error: MSC30-C: Do not use rand()
POS_NCCE.c:51: error: POS33-C: Do not use vfork()
POS_NCCE.c:68: error: POS34-C: Do not call putenv() with an automatic variable
POS_NCCE.c:108: error: POS36-C: Observe correct revocation order while relinquishing privileges
PRE_NCCE.c:114: error: INT33-C: Ensure that division and modulo operations do not result in divide-by-zero errors
SIG_NCCE.c:96: error: SIG30-C: Call only asynchronous-safe functions within signal handlers
SIG_NCCE.c:96: error: SIG31-C: Do not access or modify shared objects in a signal handler
SIG_NCCE.c:123: error: SIG30-C: Call only asynchronous-safe functions within signal handlers
SIG_NCCE.c:123: error: SIG31-C: Do not access or modify shared objects in a signal handler
SIG_NCCE.c:147: error: SIG30-C: Call only asynchronous-safe functions within signal handlers
SIG_NCCE.c:144: error: SIG31-C: Do not access or modify shared objects in a signal handler
SIG_NCCE.c:147: error: SIG32-A: Do not call longjmp() from within a signal handler
"./ncce/STR_NCCE.c", line 67: warning: 
          argument of type "signed char *" is incompatible with parameter of
          type "const char *"
    len = strlen(scstr);  /* warns when char is unsigned */
                 ^

"./ncce/STR_NCCE.c", line 69: warning: 
          argument of type "unsigned char *" is incompatible with parameter of
          type "const char *"
    len = strlen(ucstr);  /* warns when char is signed */
                 ^

STR_NCCE.c:62: warning: ARR02-A: Explicitly specify array dimensions, even if implicitly defined by an initializer
STR_NCCE.c:63: warning: ARR02-A: Explicitly specify array dimensions, even if implicitly defined by an initializer
STR_NCCE.c:129: error: STR32-C: Null-terminate byte strings as required
STR_NCCE.c:168: error: STR35-C: Do not copy data from an unbounded source to a fixed-length array
STR_NCCE.c:175: error: STR36-C: Do not specify the dimension of a character array initialized with a string literal
STR_NCCE.c:186: warning: EXP11-A: Do not apply operators expecting one type to data of an incompatible type
STR_NCCE.c:186: warning: EXP05-A: Do not cast away a const qualification
STR_NCCE.c:186: warning: INT01-A: Use rsize_t or size_t for all integer values representing the size of an object
