c.ncce.xtra.EXP.c:21: warning: EXP09-C: malloc called using something other than sizeof()
c.ncce.xtra.EXP.c:23: warning: EXP09-C: malloc called using something other than sizeof()
c.ncce.xtra.EXP.c:28: warning: EXP09-C: malloc called using something other than sizeof()
c.ncce.xtra.EXP.c:35: warning: EXP09-C: malloc called using something other than sizeof()
some error on EXP30
